// Jest Snapshot v1, https://goo.gl/fbAQLP

exports[`<Main /> shoud render the heading 1`] = `
<main>
  <h1>
    NextJS Boilerplate
  </h1>
</main>
`;
